
> sekolahku@0.1.0 build
> next build

Γû▓ Next.js 16.1.1 (Turbopack)
- Environments: .env.local
- Experiments (use with caution):
  ┬╖ optimizePackageImports
  Γ£ô webpackMemoryOptimizations

node.exe : ΓÜá The "middleware" file co
nvention is deprecated. Please use "pro
xy" instead. Learn more: https://nextjs
.org/docs/messages/middleware-to-proxy
At line:1 char:1
+ & "C:\Program Files\nodejs/node.exe" 
"C:\Program Files\nodejs/node_mo ...
+ ~~~~~~~~~~~~~~~~~~~~~~~~~~~~~~~~~~~~~
~~~~~~~~~~~~~~~~~~~~~~~~~~~~~~~~
    + CategoryInfo          : NotSpeci 
   fied: (ΓÜá The "middle...leware-to  
  -proxy:String) [], RemoteException
    + FullyQualifiedErrorId : NativeCo 
   mmandError
 
  Creating an optimized production build ...

> Build error occurred
Error: Turbopack build failed with 8 er
rors:
./db/index.ts:1:1
Ecmascript file had an error
[0m[31m[1m>[22m[39m[90m 1 |[39m 
[36mimport[39m [32m"server-only"[39
m[33m;[39m
 [90m   |[39m [31m[1m^[22m[39m[3
1m[1m^[22m[39m[31m[1m^[22m[39m[
31m[1m^[22m[39m[31m[1m^[22m[39m
[31m[1m^[22m[39m[31m[1m^[22m[39m
[31m[1m^[22m[39m[31m[1m^[22m[39
m[31m[1m^[22m[39m[31m[1m^[22m[3
9m[31m[1m^[22m[39m[31m[1m^[22m[
39m[31m[1m^[22m[39m[31m[1m^[22m
[39m[31m[1m^[22m[39m[31m[1m^[22m
[39m[31m[1m^[22m[39m[31m[1m^[22
m[39m[31m[1m^[22m[39m[31m[1m^[2
2m[39m
 [90m 2 |[39m [36mimport[39m [33mD
atabase[39m [36mfrom[39m [32m"bette
r-sqlite3"[39m[33m;[39m
 [90m 3 |[39m [36mimport[39m { driz
zle } [36mfrom[39m [32m"drizzle-orm/
better-sqlite3"[39m[33m;[39m
 [90m 4 |[39m[0m

You're importing a component that needs
 "server-only". That only works in a Se
rver Component which is not supported i
n the pages/ directory. Read more: http
s://nextjs.org/docs/app/building-your-a
pplication/rendering/server-components



Import traces:
  App Route:
    ./db/index.ts
    ./app/api/auth/register/route.ts

  Client Component Browser:
    ./db/index.ts [Client Component Bro
wser]
    ./lib/audit.ts [Client Component Br
owser]
    ./app/(dashboard)/activity-log/page
.tsx [Client Component Browser]
    ./app/(dashboard)/activity-log/page
.tsx [Server Component]

  Client Component SSR:
    ./db/index.ts [Client Component SSR
]
    ./lib/audit.ts [Client Component SS
R]
    ./app/(dashboard)/activity-log/page
.tsx [Client Component SSR]
    ./app/(dashboard)/activity-log/page
.tsx [Server Component]


./lib/library.ts:4:1
Ecmascript file had an error
[0m [90m 2 |[39m [90m// Library Hel
pers (Drizzle ORM)[39m
 [90m 3 |[39m [90m// ===============
===========================[39m
[31m[1m>[22m[39m[90m 4 |[39m [36
mimport[39m [32m"server-only"[39m[3
3m;[39m
 [90m   |[39m [31m[1m^[22m[39m[3
1m[1m^[22m[39m[31m[1m^[22m[39m[
31m[1m^[22m[39m[31m[1m^[22m[39m
[31m[1m^[22m[39m[31m[1m^[22m[39m
[31m[1m^[22m[39m[31m[1m^[22m[39
m[31m[1m^[22m[39m[31m[1m^[22m[3
9m[31m[1m^[22m[39m[31m[1m^[22m[
39m[31m[1m^[22m[39m[31m[1m^[22m
[39m[31m[1m^[22m[39m[31m[1m^[22m
[39m[31m[1m^[22m[39m[31m[1m^[22
m[39m[31m[1m^[22m[39m[31m[1m^[2
2m[39m
 [90m 5 |[39m
 [90m 6 |[39m [36mimport[39m { db }
 [36mfrom[39m [32m"@/db"[39m[33m;
[39m
 [90m 7 |[39m [36mimport[39m { libr
aryItems[33m,[39m libraryMembers[33m
,[39m libraryLoans[33m,[39m libraryV
isits } [36mfrom[39m [32m"@/db/schem
a/library"[39m[33m;[39m[0m

You're importing a component that needs
 "server-only". That only works in a Se
rver Component which is not supported i
n the pages/ directory. Read more: http
s://nextjs.org/docs/app/building-your-a
pplication/rendering/server-components



Import traces:
  App Route:
    ./lib/library.ts
    ./app/api/kiosk/member/route.ts

  Client Component Browser:
    ./lib/library.ts [Client Component 
Browser]
    ./app/(dashboard)/perpustakaan/buku
/page.tsx [Client Component Browser]
    ./app/(dashboard)/perpustakaan/buku
/page.tsx [Server Component]

  Client Component SSR:
    ./lib/library.ts [Client Component 
SSR]
    ./app/(dashboard)/perpustakaan/buku
/page.tsx [Client Component SSR]
    ./app/(dashboard)/perpustakaan/buku
/page.tsx [Server Component]


./db/index.ts:6:1
Module not found: Can't resolve 'fs'
[0m [90m 4 |[39m
 [90m 5 |[39m [90m// Create database
 directory if it doesn't exist[39m
[31m[1m>[22m[39m[90m 6 |[39m [36
mimport[39m { mkdirSync[33m,[39m exi
stsSync } [36mfrom[39m [32m"fs"[39m
[33m;[39m
 [90m   |[39m [31m[1m^[22m[39m[3
1m[1m^[22m[39m[31m[1m^[22m[39m[
31m[1m^[22m[39m[31m[1m^[22m[39m
[31m[1m^[22m[39m[31m[1m^[22m[39m
[31m[1m^[22m[39m[31m[1m^[22m[39
m[31m[1m^[22m[39m[31m[1m^[22m[3
9m[31m[1m^[22m[39m[31m[1m^[22m[
39m[31m[1m^[22m[39m[31m[1m^[22m
[39m[31m[1m^[22m[39m[31m[1m^[22m
[39m[31m[1m^[22m[39m[31m[1m^[22
m[39m[31m[1m^[22m[39m[31m[1m^[2
2m[39m[31m[1m^[22m[39m[31m[1m^[
22m[39m[31m[1m^[22m[39m[31m[1m^
[22m[39m[31m[1m^[22m[39m[31m[1m^
[22m[39m[31m[1m^[22m[39m[31m[1m
^[22m[39m[31m[1m^[22m[39m[31m[1
m^[22m[39m[31m[1m^[22m[39m[31m[
1m^[22m[39m[31m[1m^[22m[39m[31m
[1m^[22m[39m[31m[1m^[22m[39m[31m
[1m^[22m[39m[31m[1m^[22m[39m[31
m[1m^[22m[39m[31m[1m^[22m[39m[3
1m[1m^[22m[39m[31m[1m^[22m[39m[
31m[1m^[22m[39m
 [90m 7 |[39m [36mimport[39m { dirn
ame } [36mfrom[39m [32m"path"[39m[
33m;[39m
 [90m 8 |[39m
 [90m 9 |[39m [90m// Explicit import
s to fix inference issues[39m[0m



Import traces:
  App Route:
    ./db/index.ts
    ./app/api/auth/register/route.ts

  Client Component Browser:
    ./db/index.ts [Client Component Bro
wser]
    ./lib/audit.ts [Client Component Br
owser]
    ./app/(dashboard)/activity-log/page
.tsx [Client Component Browser]
    ./app/(dashboard)/activity-log/page
.tsx [Server Component]

  Client Component SSR:
    ./db/index.ts [Client Component SSR
]
    ./lib/audit.ts [Client Component SS
R]
    ./app/(dashboard)/activity-log/page
.tsx [Client Component SSR]
    ./app/(dashboard)/activity-log/page
.tsx [Server Component]

https://nextjs.org/docs/messages/module
-not-found


./node_modules/better-sqlite3/lib/datab
ase.js:2:12
Module not found: Can't resolve 'fs'
[0m [90m 1 |[39m [32m'use strict'[
39m[33m;[39m
[31m[1m>[22m[39m[90m 2 |[39m [36
mconst[39m fs [33m=[39m require([32
m'fs'[39m)[33m;[39m
 [90m   |[39m            [31m[1m^[
22m[39m[31m[1m^[22m[39m[31m[1m^
[22m[39m[31m[1m^[22m[39m[31m[1m^
[22m[39m[31m[1m^[22m[39m[31m[1m
^[22m[39m[31m[1m^[22m[39m[31m[1
m^[22m[39m[31m[1m^[22m[39m[31m[
1m^[22m[39m[31m[1m^[22m[39m[31m
[1m^[22m[39m
 [90m 3 |[39m [36mconst[39m path [
33m=[39m require([32m'path'[39m)[33
m;[39m
 [90m 4 |[39m [36mconst[39m util [
33m=[39m require([32m'./util'[39m)[
33m;[39m
 [90m 5 |[39m [36mconst[39m [33mSq
liteError[39m [33m=[39m require([32
m'./sqlite-error'[39m)[33m;[39m[0m



Import trace:
  Client Component Browser:
    ./node_modules/better-sqlite3/lib/d
atabase.js [Client Component Browser]
    ./node_modules/better-sqlite3/lib/i
ndex.js [Client Component Browser]
    ./db/index.ts [Client Component Bro
wser]
    ./lib/audit.ts [Client Component Br
owser]
    ./app/(dashboard)/activity-log/page
.tsx [Client Component Browser]
    ./app/(dashboard)/activity-log/page
.tsx [Server Component]

https://nextjs.org/docs/messages/module
-not-found


./node_modules/better-sqlite3/lib/metho
ds/backup.js:2:12
Module not found: Can't resolve 'fs'
[0m [90m 1 |[39m [32m'use strict'[
39m[33m;[39m
[31m[1m>[22m[39m[90m 2 |[39m [36
mconst[39m fs [33m=[39m require([32
m'fs'[39m)[33m;[39m
 [90m   |[39m            [31m[1m^[
22m[39m[31m[1m^[22m[39m[31m[1m^
[22m[39m[31m[1m^[22m[39m[31m[1m^
[22m[39m[31m[1m^[22m[39m[31m[1m
^[22m[39m[31m[1m^[22m[39m[31m[1
m^[22m[39m[31m[1m^[22m[39m[31m[
1m^[22m[39m[31m[1m^[22m[39m[31m
[1m^[22m[39m
 [90m 3 |[39m [36mconst[39m path [
33m=[39m require([32m'path'[39m)[33
m;[39m
 [90m 4 |[39m [36mconst[39m { promi
sify } [33m=[39m require([32m'util'
[39m)[33m;[39m
 [90m 5 |[39m [36mconst[39m { cppdb
 } [33m=[39m require([32m'../util'[
39m)[33m;[39m[0m



Import trace:
  Client Component Browser:
    ./node_modules/better-sqlite3/lib/m
ethods/backup.js [Client Component Brow
ser]
    ./node_modules/better-sqlite3/lib/d
atabase.js [Client Component Browser]
    ./node_modules/better-sqlite3/lib/i
ndex.js [Client Component Browser]
    ./db/index.ts [Client Component Bro
wser]
    ./lib/audit.ts [Client Component Br
owser]
    ./app/(dashboard)/activity-log/page
.tsx [Client Component Browser]
    ./app/(dashboard)/activity-log/page
.tsx [Server Component]

https://nextjs.org/docs/messages/module
-not-found


./node_modules/bindings/bindings.js:5:1
0
Module not found: Can't resolve 'fs'
[0m [90m 3 |[39m [90m */[39m
 [90m 4 |[39m
[31m[1m>[22m[39m[90m 5 |[39m [36
mvar[39m fs [33m=[39m require([32m'
fs'[39m)[33m,[39m
 [90m   |[39m          [31m[1m^[22
m[39m[31m[1m^[22m[39m[31m[1m^[2
2m[39m[31m[1m^[22m[39m[31m[1m^[
22m[39m[31m[1m^[22m[39m[31m[1m^
[22m[39m[31m[1m^[22m[39m[31m[1m^
[22m[39m[31m[1m^[22m[39m[31m[1m
^[22m[39m[31m[1m^[22m[39m[31m[1
m^[22m[39m
 [90m 6 |[39m   path [33m=[39m requ
ire([32m'path'[39m)[33m,[39m
 [90m 7 |[39m   fileURLToPath [33m=
[39m require([32m'file-uri-to-path'[3
9m)[33m,[39m
 [90m 8 |[39m   join [33m=[39m path
[33m.[39mjoin[33m,[39m[0m



Import trace:
  Client Component Browser:
    ./node_modules/bindings/bindings.js
 [Client Component Browser]
    ./node_modules/better-sqlite3/lib/d
atabase.js [Client Component Browser]
    ./node_modules/better-sqlite3/lib/i
ndex.js [Client Component Browser]
    ./db/index.ts [Client Component Bro
wser]
    ./lib/audit.ts [Client Component Br
owser]
    ./app/(dashboard)/activity-log/page
.tsx [Client Component Browser]
    ./app/(dashboard)/activity-log/page
.tsx [Server Component]

https://nextjs.org/docs/messages/module
-not-found


./db
Invalid import
'server-only' cannot be imported from a
 Client Component module. It should onl
y be used from a Server Component.
The error was caused by importing 'db'



./lib
Invalid import
'server-only' cannot be imported from a
 Client Component module. It should onl
y be used from a Server Component.
The error was caused by importing 'lib'



    at <unknown> (./db/index.ts:1:1)
    at <unknown> (./lib/library.ts:4:1)
    at <unknown> (./db/index.ts:6:1)
    at <unknown> (https://nextjs.org/do
cs/messages/module-not-found)
    at <unknown> (https://nextjs.org/do
cs/messages/module-not-found)
    at <unknown> (https://nextjs.org/do
cs/messages/module-not-found)
    at <unknown> (https://nextjs.org/do
cs/messages/module-not-found)
